Archive member included to satisfy reference by file (symbol)

c:/program files (x86)/atmel/studio/7.0/toolchain/avr8/avr8-gnu-toolchain/bin/../lib/gcc/avr/5.4.0/avr5\libgcc.a(_divmodhi4.o)
                              lcdchars.o (__divmodhi4)
c:/program files (x86)/atmel/studio/7.0/toolchain/avr8/avr8-gnu-toolchain/bin/../lib/gcc/avr/5.4.0/avr5\libgcc.a(_exit.o)
                              C:/Program Files (x86)/Atmel/Studio/7.0/Packs/atmel/ATmega_DFP/1.2.132/gcc/dev/atmega328p/avr5/crtatmega328p.o (exit)
c:/program files (x86)/atmel/studio/7.0/toolchain/avr8/avr8-gnu-toolchain/bin/../lib/gcc/avr/5.4.0/avr5\libgcc.a(_tablejump2.o)
                              clock.o (__tablejump2__)
c:/program files (x86)/atmel/studio/7.0/toolchain/avr8/avr8-gnu-toolchain/bin/../lib/gcc/avr/5.4.0/avr5\libgcc.a(_copy_data.o)
                              bluetooth.o (__do_copy_data)
c:/program files (x86)/atmel/studio/7.0/toolchain/avr8/avr8-gnu-toolchain/bin/../lib/gcc/avr/5.4.0/avr5\libgcc.a(_clear_bss.o)
                              bluetooth.o (__do_clear_bss)
c:/program files (x86)/atmel/studio/7.0/toolchain/avr8/avr8-gnu-toolchain/bin/../lib/gcc/avr/5.4.0/avr5\libgcc.a(_udivmodhi4.o)
                              c:/program files (x86)/atmel/studio/7.0/toolchain/avr8/avr8-gnu-toolchain/bin/../lib/gcc/avr/5.4.0/avr5\libgcc.a(_divmodhi4.o) (__udivmodhi4)

Allocating common symbols
Common symbol       size              file

TWI_Buff_Pt         0x1               bluetooth.o
TWI_State           0x1               bluetooth.o
dispclock           0x1               bluetooth.o
usartdata           0x1               bluetooth.o
debounce            0x1               bluetooth.o
temperature         0x1               bluetooth.o
TWI_Tx_Buff         0x14              bluetooth.o
hour                0x1               bluetooth.o
usart_Rxbuf         0xc               bluetooth.o
dispbluetooth       0x1               bluetooth.o
Rx_Buff_Len         0x1               bluetooth.o
dispclocktemp       0x1               bluetooth.o
min                 0x1               bluetooth.o
sec                 0x1               bluetooth.o
TWI_Rx_Buff         0x14              bluetooth.o
TWIOpInfo           0x1               bluetooth.o
usart_Txbuf         0xc               bluetooth.o
showclockonetime    0x1               bluetooth.o
Tx_Buff_len         0x1               bluetooth.o

Discarded input sections

 .data          0x00000000        0x0 C:/Program Files (x86)/Atmel/Studio/7.0/Packs/atmel/ATmega_DFP/1.2.132/gcc/dev/atmega328p/avr5/crtatmega328p.o
 .bss           0x00000000        0x0 C:/Program Files (x86)/Atmel/Studio/7.0/Packs/atmel/ATmega_DFP/1.2.132/gcc/dev/atmega328p/avr5/crtatmega328p.o
 .text          0x00000000        0x0 bluetooth.o
 .data          0x00000000        0x0 bluetooth.o
 .bss           0x00000000        0x0 bluetooth.o
 .text.ascii2dec
                0x00000000        0xa bluetooth.o
 .text          0x00000000        0x0 usart.o
 .data          0x00000000        0x0 usart.o
 .bss           0x00000000        0x0 usart.o
 .text.usart_transmit
                0x00000000       0x2c usart.o
 .text          0x00000000        0x0 buttons.o
 .data          0x00000000        0x0 buttons.o
 .bss           0x00000000        0x0 buttons.o
 .text          0x00000000        0x0 clock.o
 .data          0x00000000        0x0 clock.o
 .bss           0x00000000        0x0 clock.o
 .text          0x00000000        0x0 lcd.o
 .data          0x00000000        0x0 lcd.o
 .bss           0x00000000        0x0 lcd.o
 .text          0x00000000        0x0 lcdchars.o
 .data          0x00000000        0x0 lcdchars.o
 .bss           0x00000000        0x0 lcdchars.o
 .text.display_Loading
                0x00000000       0xd0 lcdchars.o
 .rodata.sqbracketR
                0x00000000        0x8 lcdchars.o
 .rodata.sqbracketL
                0x00000000        0x8 lcdchars.o
 .text          0x00000000        0x0 main.o
 .data          0x00000000        0x0 main.o
 .bss           0x00000000        0x0 main.o
 .text          0x00000000        0x0 rtc.o
 .data          0x00000000        0x0 rtc.o
 .bss           0x00000000        0x0 rtc.o
 .text          0x00000000        0x0 twi_master.o
 .data          0x00000000        0x0 twi_master.o
 .bss           0x00000000        0x0 twi_master.o
 .text.TWI_Is_Busy
                0x00000000        0x8 twi_master.o
 .text.TWI_State_Info
                0x00000000       0x10 twi_master.o
 .text          0x00000000        0x0 c:/program files (x86)/atmel/studio/7.0/toolchain/avr8/avr8-gnu-toolchain/bin/../lib/gcc/avr/5.4.0/avr5\libgcc.a(_divmodhi4.o)
 .data          0x00000000        0x0 c:/program files (x86)/atmel/studio/7.0/toolchain/avr8/avr8-gnu-toolchain/bin/../lib/gcc/avr/5.4.0/avr5\libgcc.a(_divmodhi4.o)
 .bss           0x00000000        0x0 c:/program files (x86)/atmel/studio/7.0/toolchain/avr8/avr8-gnu-toolchain/bin/../lib/gcc/avr/5.4.0/avr5\libgcc.a(_divmodhi4.o)
 .text.libgcc.mul
                0x00000000        0x0 c:/program files (x86)/atmel/studio/7.0/toolchain/avr8/avr8-gnu-toolchain/bin/../lib/gcc/avr/5.4.0/avr5\libgcc.a(_divmodhi4.o)
 .text.libgcc.div
                0x00000000       0x28 c:/program files (x86)/atmel/studio/7.0/toolchain/avr8/avr8-gnu-toolchain/bin/../lib/gcc/avr/5.4.0/avr5\libgcc.a(_divmodhi4.o)
 .text.libgcc   0x00000000        0x0 c:/program files (x86)/atmel/studio/7.0/toolchain/avr8/avr8-gnu-toolchain/bin/../lib/gcc/avr/5.4.0/avr5\libgcc.a(_divmodhi4.o)
 .text.libgcc.prologue
                0x00000000        0x0 c:/program files (x86)/atmel/studio/7.0/toolchain/avr8/avr8-gnu-toolchain/bin/../lib/gcc/avr/5.4.0/avr5\libgcc.a(_divmodhi4.o)
 .text.libgcc.builtins
                0x00000000        0x0 c:/program files (x86)/atmel/studio/7.0/toolchain/avr8/avr8-gnu-toolchain/bin/../lib/gcc/avr/5.4.0/avr5\libgcc.a(_divmodhi4.o)
 .text.libgcc.fmul
                0x00000000        0x0 c:/program files (x86)/atmel/studio/7.0/toolchain/avr8/avr8-gnu-toolchain/bin/../lib/gcc/avr/5.4.0/avr5\libgcc.a(_divmodhi4.o)
 .text.libgcc.fixed
                0x00000000        0x0 c:/program files (x86)/atmel/studio/7.0/toolchain/avr8/avr8-gnu-toolchain/bin/../lib/gcc/avr/5.4.0/avr5\libgcc.a(_divmodhi4.o)
 .text          0x00000000        0x0 c:/program files (x86)/atmel/studio/7.0/toolchain/avr8/avr8-gnu-toolchain/bin/../lib/gcc/avr/5.4.0/avr5\libgcc.a(_exit.o)
 .data          0x00000000        0x0 c:/program files (x86)/atmel/studio/7.0/toolchain/avr8/avr8-gnu-toolchain/bin/../lib/gcc/avr/5.4.0/avr5\libgcc.a(_exit.o)
 .bss           0x00000000        0x0 c:/program files (x86)/atmel/studio/7.0/toolchain/avr8/avr8-gnu-toolchain/bin/../lib/gcc/avr/5.4.0/avr5\libgcc.a(_exit.o)
 .text.libgcc.mul
                0x00000000        0x0 c:/program files (x86)/atmel/studio/7.0/toolchain/avr8/avr8-gnu-toolchain/bin/../lib/gcc/avr/5.4.0/avr5\libgcc.a(_exit.o)
 .text.libgcc.div
                0x00000000        0x0 c:/program files (x86)/atmel/studio/7.0/toolchain/avr8/avr8-gnu-toolchain/bin/../lib/gcc/avr/5.4.0/avr5\libgcc.a(_exit.o)
 .text.libgcc   0x00000000        0x0 c:/program files (x86)/atmel/studio/7.0/toolchain/avr8/avr8-gnu-toolchain/bin/../lib/gcc/avr/5.4.0/avr5\libgcc.a(_exit.o)
 .text.libgcc.prologue
                0x00000000        0x0 c:/program files (x86)/atmel/studio/7.0/toolchain/avr8/avr8-gnu-toolchain/bin/../lib/gcc/avr/5.4.0/avr5\libgcc.a(_exit.o)
 .text.libgcc.builtins
                0x00000000        0x0 c:/program files (x86)/atmel/studio/7.0/toolchain/avr8/avr8-gnu-toolchain/bin/../lib/gcc/avr/5.4.0/avr5\libgcc.a(_exit.o)
 .text.libgcc.fmul
                0x00000000        0x0 c:/program files (x86)/atmel/studio/7.0/toolchain/avr8/avr8-gnu-toolchain/bin/../lib/gcc/avr/5.4.0/avr5\libgcc.a(_exit.o)
 .text.libgcc.fixed
                0x00000000        0x0 c:/program files (x86)/atmel/studio/7.0/toolchain/avr8/avr8-gnu-toolchain/bin/../lib/gcc/avr/5.4.0/avr5\libgcc.a(_exit.o)
 .text          0x00000000        0x0 c:/program files (x86)/atmel/studio/7.0/toolchain/avr8/avr8-gnu-toolchain/bin/../lib/gcc/avr/5.4.0/avr5\libgcc.a(_tablejump2.o)
 .data          0x00000000        0x0 c:/program files (x86)/atmel/studio/7.0/toolchain/avr8/avr8-gnu-toolchain/bin/../lib/gcc/avr/5.4.0/avr5\libgcc.a(_tablejump2.o)
 .bss           0x00000000        0x0 c:/program files (x86)/atmel/studio/7.0/toolchain/avr8/avr8-gnu-toolchain/bin/../lib/gcc/avr/5.4.0/avr5\libgcc.a(_tablejump2.o)
 .text.libgcc.mul
                0x00000000        0x0 c:/program files (x86)/atmel/studio/7.0/toolchain/avr8/avr8-gnu-toolchain/bin/../lib/gcc/avr/5.4.0/avr5\libgcc.a(_tablejump2.o)
 .text.libgcc.div
                0x00000000        0x0 c:/program files (x86)/atmel/studio/7.0/toolchain/avr8/avr8-gnu-toolchain/bin/../lib/gcc/avr/5.4.0/avr5\libgcc.a(_tablejump2.o)
 .text.libgcc.prologue
                0x00000000        0x0 c:/program files (x86)/atmel/studio/7.0/toolchain/avr8/avr8-gnu-toolchain/bin/../lib/gcc/avr/5.4.0/avr5\libgcc.a(_tablejump2.o)
 .text.libgcc.builtins
                0x00000000        0x0 c:/program files (x86)/atmel/studio/7.0/toolchain/avr8/avr8-gnu-toolchain/bin/../lib/gcc/avr/5.4.0/avr5\libgcc.a(_tablejump2.o)
 .text.libgcc.fmul
                0x00000000        0x0 c:/program files (x86)/atmel/studio/7.0/toolchain/avr8/avr8-gnu-toolchain/bin/../lib/gcc/avr/5.4.0/avr5\libgcc.a(_tablejump2.o)
 .text.libgcc.fixed
                0x00000000        0x0 c:/program files (x86)/atmel/studio/7.0/toolchain/avr8/avr8-gnu-toolchain/bin/../lib/gcc/avr/5.4.0/avr5\libgcc.a(_tablejump2.o)
 .text          0x00000000        0x0 c:/program files (x86)/atmel/studio/7.0/toolchain/avr8/avr8-gnu-toolchain/bin/../lib/gcc/avr/5.4.0/avr5\libgcc.a(_copy_data.o)
 .data          0x00000000        0x0 c:/program files (x86)/atmel/studio/7.0/toolchain/avr8/avr8-gnu-toolchain/bin/../lib/gcc/avr/5.4.0/avr5\libgcc.a(_copy_data.o)
 .bss           0x00000000        0x0 c:/program files (x86)/atmel/studio/7.0/toolchain/avr8/avr8-gnu-toolchain/bin/../lib/gcc/avr/5.4.0/avr5\libgcc.a(_copy_data.o)
 .text.libgcc.mul
                0x00000000        0x0 c:/program files (x86)/atmel/studio/7.0/toolchain/avr8/avr8-gnu-toolchain/bin/../lib/gcc/avr/5.4.0/avr5\libgcc.a(_copy_data.o)
 .text.libgcc.div
                0x00000000        0x0 c:/program files (x86)/atmel/studio/7.0/toolchain/avr8/avr8-gnu-toolchain/bin/../lib/gcc/avr/5.4.0/avr5\libgcc.a(_copy_data.o)
 .text.libgcc   0x00000000        0x0 c:/program files (x86)/atmel/studio/7.0/toolchain/avr8/avr8-gnu-toolchain/bin/../lib/gcc/avr/5.4.0/avr5\libgcc.a(_copy_data.o)
 .text.libgcc.prologue
                0x00000000        0x0 c:/program files (x86)/atmel/studio/7.0/toolchain/avr8/avr8-gnu-toolchain/bin/../lib/gcc/avr/5.4.0/avr5\libgcc.a(_copy_data.o)
 .text.libgcc.builtins
                0x00000000        0x0 c:/program files (x86)/atmel/studio/7.0/toolchain/avr8/avr8-gnu-toolchain/bin/../lib/gcc/avr/5.4.0/avr5\libgcc.a(_copy_data.o)
 .text.libgcc.fmul
                0x00000000        0x0 c:/program files (x86)/atmel/studio/7.0/toolchain/avr8/avr8-gnu-toolchain/bin/../lib/gcc/avr/5.4.0/avr5\libgcc.a(_copy_data.o)
 .text.libgcc.fixed
                0x00000000        0x0 c:/program files (x86)/atmel/studio/7.0/toolchain/avr8/avr8-gnu-toolchain/bin/../lib/gcc/avr/5.4.0/avr5\libgcc.a(_copy_data.o)
 .text          0x00000000        0x0 c:/program files (x86)/atmel/studio/7.0/toolchain/avr8/avr8-gnu-toolchain/bin/../lib/gcc/avr/5.4.0/avr5\libgcc.a(_clear_bss.o)
 .data          0x00000000        0x0 c:/program files (x86)/atmel/studio/7.0/toolchain/avr8/avr8-gnu-toolchain/bin/../lib/gcc/avr/5.4.0/avr5\libgcc.a(_clear_bss.o)
 .bss           0x00000000        0x0 c:/program files (x86)/atmel/studio/7.0/toolchain/avr8/avr8-gnu-toolchain/bin/../lib/gcc/avr/5.4.0/avr5\libgcc.a(_clear_bss.o)
 .text.libgcc.mul
                0x00000000        0x0 c:/program files (x86)/atmel/studio/7.0/toolchain/avr8/avr8-gnu-toolchain/bin/../lib/gcc/avr/5.4.0/avr5\libgcc.a(_clear_bss.o)
 .text.libgcc.div
                0x00000000        0x0 c:/program files (x86)/atmel/studio/7.0/toolchain/avr8/avr8-gnu-toolchain/bin/../lib/gcc/avr/5.4.0/avr5\libgcc.a(_clear_bss.o)
 .text.libgcc   0x00000000        0x0 c:/program files (x86)/atmel/studio/7.0/toolchain/avr8/avr8-gnu-toolchain/bin/../lib/gcc/avr/5.4.0/avr5\libgcc.a(_clear_bss.o)
 .text.libgcc.prologue
                0x00000000        0x0 c:/program files (x86)/atmel/studio/7.0/toolchain/avr8/avr8-gnu-toolchain/bin/../lib/gcc/avr/5.4.0/avr5\libgcc.a(_clear_bss.o)
 .text.libgcc.builtins
                0x00000000        0x0 c:/program files (x86)/atmel/studio/7.0/toolchain/avr8/avr8-gnu-toolchain/bin/../lib/gcc/avr/5.4.0/avr5\libgcc.a(_clear_bss.o)
 .text.libgcc.fmul
                0x00000000        0x0 c:/program files (x86)/atmel/studio/7.0/toolchain/avr8/avr8-gnu-toolchain/bin/../lib/gcc/avr/5.4.0/avr5\libgcc.a(_clear_bss.o)
 .text.libgcc.fixed
                0x00000000        0x0 c:/program files (x86)/atmel/studio/7.0/toolchain/avr8/avr8-gnu-toolchain/bin/../lib/gcc/avr/5.4.0/avr5\libgcc.a(_clear_bss.o)
 .text          0x00000000        0x0 c:/program files (x86)/atmel/studio/7.0/toolchain/avr8/avr8-gnu-toolchain/bin/../lib/gcc/avr/5.4.0/avr5\libgcc.a(_udivmodhi4.o)
 .data          0x00000000        0x0 c:/program files (x86)/atmel/studio/7.0/toolchain/avr8/avr8-gnu-toolchain/bin/../lib/gcc/avr/5.4.0/avr5\libgcc.a(_udivmodhi4.o)
 .bss           0x00000000        0x0 c:/program files (x86)/atmel/studio/7.0/toolchain/avr8/avr8-gnu-toolchain/bin/../lib/gcc/avr/5.4.0/avr5\libgcc.a(_udivmodhi4.o)
 .text.libgcc.mul
                0x00000000        0x0 c:/program files (x86)/atmel/studio/7.0/toolchain/avr8/avr8-gnu-toolchain/bin/../lib/gcc/avr/5.4.0/avr5\libgcc.a(_udivmodhi4.o)
 .text.libgcc.div
                0x00000000       0x28 c:/program files (x86)/atmel/studio/7.0/toolchain/avr8/avr8-gnu-toolchain/bin/../lib/gcc/avr/5.4.0/avr5\libgcc.a(_udivmodhi4.o)
 .text.libgcc   0x00000000        0x0 c:/program files (x86)/atmel/studio/7.0/toolchain/avr8/avr8-gnu-toolchain/bin/../lib/gcc/avr/5.4.0/avr5\libgcc.a(_udivmodhi4.o)
 .text.libgcc.prologue
                0x00000000        0x0 c:/program files (x86)/atmel/studio/7.0/toolchain/avr8/avr8-gnu-toolchain/bin/../lib/gcc/avr/5.4.0/avr5\libgcc.a(_udivmodhi4.o)
 .text.libgcc.builtins
                0x00000000        0x0 c:/program files (x86)/atmel/studio/7.0/toolchain/avr8/avr8-gnu-toolchain/bin/../lib/gcc/avr/5.4.0/avr5\libgcc.a(_udivmodhi4.o)
 .text.libgcc.fmul
                0x00000000        0x0 c:/program files (x86)/atmel/studio/7.0/toolchain/avr8/avr8-gnu-toolchain/bin/../lib/gcc/avr/5.4.0/avr5\libgcc.a(_udivmodhi4.o)
 .text.libgcc.fixed
                0x00000000        0x0 c:/program files (x86)/atmel/studio/7.0/toolchain/avr8/avr8-gnu-toolchain/bin/../lib/gcc/avr/5.4.0/avr5\libgcc.a(_udivmodhi4.o)

Memory Configuration

Name             Origin             Length             Attributes
text             0x00000000         0x00020000         xr
data             0x00800060         0x0000ffa0         rw !x
eeprom           0x00810000         0x00010000         rw !x
fuse             0x00820000         0x00000003         rw !x
lock             0x00830000         0x00000400         rw !x
signature        0x00840000         0x00000400         rw !x
user_signatures  0x00850000         0x00000400         rw !x
*default*        0x00000000         0xffffffff

Linker script and memory map

Address of section .data set to 0x800100
LOAD C:/Program Files (x86)/Atmel/Studio/7.0/Packs/atmel/ATmega_DFP/1.2.132/gcc/dev/atmega328p/avr5/crtatmega328p.o
LOAD bluetooth.o
LOAD usart.o
LOAD buttons.o
LOAD clock.o
LOAD lcd.o
LOAD lcdchars.o
LOAD main.o
LOAD rtc.o
LOAD twi_master.o
START GROUP
LOAD c:/program files (x86)/atmel/studio/7.0/toolchain/avr8/avr8-gnu-toolchain/bin/../lib/gcc/avr/5.4.0/../../../../avr/lib/avr5\libm.a
END GROUP
LOAD c:/program files (x86)/atmel/studio/7.0/toolchain/avr8/avr8-gnu-toolchain/bin/../lib/gcc/avr/5.4.0/avr5\libgcc.a
LOAD c:/program files (x86)/atmel/studio/7.0/toolchain/avr8/avr8-gnu-toolchain/bin/../lib/gcc/avr/5.4.0/../../../../avr/lib/avr5\libm.a
START GROUP
LOAD c:/program files (x86)/atmel/studio/7.0/toolchain/avr8/avr8-gnu-toolchain/bin/../lib/gcc/avr/5.4.0/avr5\libgcc.a
LOAD c:/program files (x86)/atmel/studio/7.0/toolchain/avr8/avr8-gnu-toolchain/bin/../lib/gcc/avr/5.4.0/../../../../avr/lib/avr5\libm.a
LOAD c:/program files (x86)/atmel/studio/7.0/toolchain/avr8/avr8-gnu-toolchain/bin/../lib/gcc/avr/5.4.0/../../../../avr/lib/avr5\libc.a
LOAD C:/Program Files (x86)/Atmel/Studio/7.0/Packs/atmel/ATmega_DFP/1.2.132/gcc/dev/atmega328p/avr5\libatmega328p.a
END GROUP
                0x00020000                __TEXT_REGION_LENGTH__ = DEFINED (__TEXT_REGION_LENGTH__)?__TEXT_REGION_LENGTH__:0x20000
                0x0000ffa0                __DATA_REGION_LENGTH__ = DEFINED (__DATA_REGION_LENGTH__)?__DATA_REGION_LENGTH__:0xffa0
                0x00010000                __EEPROM_REGION_LENGTH__ = DEFINED (__EEPROM_REGION_LENGTH__)?__EEPROM_REGION_LENGTH__:0x10000
                [0x00000003]                __FUSE_REGION_LENGTH__ = DEFINED (__FUSE_REGION_LENGTH__)?__FUSE_REGION_LENGTH__:0x400
                0x00000400                __LOCK_REGION_LENGTH__ = DEFINED (__LOCK_REGION_LENGTH__)?__LOCK_REGION_LENGTH__:0x400
                0x00000400                __SIGNATURE_REGION_LENGTH__ = DEFINED (__SIGNATURE_REGION_LENGTH__)?__SIGNATURE_REGION_LENGTH__:0x400
                0x00000400                __USER_SIGNATURE_REGION_LENGTH__ = DEFINED (__USER_SIGNATURE_REGION_LENGTH__)?__USER_SIGNATURE_REGION_LENGTH__:0x400

.hash
 *(.hash)

.dynsym
 *(.dynsym)

.dynstr
 *(.dynstr)

.gnu.version
 *(.gnu.version)

.gnu.version_d
 *(.gnu.version_d)

.gnu.version_r
 *(.gnu.version_r)

.rel.init
 *(.rel.init)

.rela.init
 *(.rela.init)

.rel.text
 *(.rel.text)
 *(.rel.text.*)
 *(.rel.gnu.linkonce.t*)

.rela.text
 *(.rela.text)
 *(.rela.text.*)
 *(.rela.gnu.linkonce.t*)

.rel.fini
 *(.rel.fini)

.rela.fini
 *(.rela.fini)

.rel.rodata
 *(.rel.rodata)
 *(.rel.rodata.*)
 *(.rel.gnu.linkonce.r*)

.rela.rodata
 *(.rela.rodata)
 *(.rela.rodata.*)
 *(.rela.gnu.linkonce.r*)

.rel.data
 *(.rel.data)
 *(.rel.data.*)
 *(.rel.gnu.linkonce.d*)

.rela.data
 *(.rela.data)
 *(.rela.data.*)
 *(.rela.gnu.linkonce.d*)

.rel.ctors
 *(.rel.ctors)

.rela.ctors
 *(.rela.ctors)

.rel.dtors
 *(.rel.dtors)

.rela.dtors
 *(.rela.dtors)

.rel.got
 *(.rel.got)

.rela.got
 *(.rela.got)

.rel.bss
 *(.rel.bss)

.rela.bss
 *(.rela.bss)

.rel.plt
 *(.rel.plt)

.rela.plt
 *(.rela.plt)

.text           0x00000000     0x1514
 *(.vectors)
 .vectors       0x00000000       0x68 C:/Program Files (x86)/Atmel/Studio/7.0/Packs/atmel/ATmega_DFP/1.2.132/gcc/dev/atmega328p/avr5/crtatmega328p.o
                0x00000000                __vector_default
                0x00000000                __vectors
 *(.vectors)
 *(.progmem.gcc*)
 .progmem.gcc_sw_table.SecondDigit
                0x00000068       0x14 clock.o
 .progmem.gcc_sw_table.FourthDigit
                0x0000007c       0x14 clock.o
 .progmem.gcc_sw_table.__vector_24
                0x00000090       0xa2 twi_master.o
                0x00000132                . = ALIGN (0x2)
                0x00000132                __trampolines_start = .
 *(.trampolines)
 .trampolines   0x00000132        0x0 linker stubs
 *(.trampolines*)
                0x00000132                __trampolines_end = .
 *libprintf_flt.a:*(.progmem.data)
 *libc.a:*(.progmem.data)
 *(.progmem*)
                0x00000132                . = ALIGN (0x2)
 *(.jumptables)
 *(.jumptables*)
 *(.lowtext)
 *(.lowtext*)
                0x00000132                __ctors_start = .
 *(.ctors)
                0x00000132                __ctors_end = .
                0x00000132                __dtors_start = .
 *(.dtors)
                0x00000132                __dtors_end = .
 SORT(*)(.ctors)
 SORT(*)(.dtors)
 *(.init0)
 .init0         0x00000132        0x0 C:/Program Files (x86)/Atmel/Studio/7.0/Packs/atmel/ATmega_DFP/1.2.132/gcc/dev/atmega328p/avr5/crtatmega328p.o
                0x00000132                __init
 *(.init0)
 *(.init1)
 *(.init1)
 *(.init2)
 .init2         0x00000132        0xc C:/Program Files (x86)/Atmel/Studio/7.0/Packs/atmel/ATmega_DFP/1.2.132/gcc/dev/atmega328p/avr5/crtatmega328p.o
 *(.init2)
 *(.init3)
 *(.init3)
 *(.init4)
 .init4         0x0000013e       0x16 c:/program files (x86)/atmel/studio/7.0/toolchain/avr8/avr8-gnu-toolchain/bin/../lib/gcc/avr/5.4.0/avr5\libgcc.a(_copy_data.o)
                0x0000013e                __do_copy_data
 .init4         0x00000154       0x10 c:/program files (x86)/atmel/studio/7.0/toolchain/avr8/avr8-gnu-toolchain/bin/../lib/gcc/avr/5.4.0/avr5\libgcc.a(_clear_bss.o)
                0x00000154                __do_clear_bss
 *(.init4)
 *(.init5)
 *(.init5)
 *(.init6)
 *(.init6)
 *(.init7)
 *(.init7)
 *(.init8)
 *(.init8)
 *(.init9)
 .init9         0x00000164        0x8 C:/Program Files (x86)/Atmel/Studio/7.0/Packs/atmel/ATmega_DFP/1.2.132/gcc/dev/atmega328p/avr5/crtatmega328p.o
 *(.init9)
 *(.text)
 .text          0x0000016c        0x4 C:/Program Files (x86)/Atmel/Studio/7.0/Packs/atmel/ATmega_DFP/1.2.132/gcc/dev/atmega328p/avr5/crtatmega328p.o
                0x0000016c                __vector_22
                0x0000016c                __vector_1
                0x0000016c                __vector_12
                0x0000016c                __bad_interrupt
                0x0000016c                __vector_6
                0x0000016c                __vector_23
                0x0000016c                __vector_25
                0x0000016c                __vector_11
                0x0000016c                __vector_13
                0x0000016c                __vector_17
                0x0000016c                __vector_19
                0x0000016c                __vector_7
                0x0000016c                __vector_5
                0x0000016c                __vector_4
                0x0000016c                __vector_9
                0x0000016c                __vector_2
                0x0000016c                __vector_21
                0x0000016c                __vector_15
                0x0000016c                __vector_8
                0x0000016c                __vector_14
                0x0000016c                __vector_10
                0x0000016c                __vector_16
                0x0000016c                __vector_20
                0x00000170                . = ALIGN (0x2)
 *(.text.*)
 .text.init_bluetooth
                0x00000170        0x8 bluetooth.o
                0x00000170                init_bluetooth
 .text.connectingBlueTooth
                0x00000178       0xc2 bluetooth.o
                0x00000178                connectingBlueTooth
 .text.SetTheTime
                0x0000023a      0x294 bluetooth.o
                0x0000023a                SetTheTime
 .text.bluetoothMenu
                0x000004ce       0xc6 bluetooth.o
                0x000004ce                bluetoothMenu
 .text.usart_Init
                0x00000594       0x18 usart.o
                0x00000594                usart_Init
 .text.usart_recieve
                0x000005ac       0x3a usart.o
                0x000005ac                usart_recieve
 .text.__vector_18
                0x000005e6       0x38 usart.o
                0x000005e6                __vector_18
 .text.buttons_Init
                0x0000061e       0x3c buttons.o
                0x0000061e                buttons_Init
 .text.__vector_3
                0x0000065a       0xce buttons.o
                0x0000065a                __vector_3
 .text.FirstDigit
                0x00000728       0x2c clock.o
                0x00000728                FirstDigit
 .text.SecondDigit
                0x00000754       0x6a clock.o
                0x00000754                SecondDigit
 .text.ThirdDigit
                0x000007be       0x54 clock.o
                0x000007be                ThirdDigit
 .text.FourthDigit
                0x00000812       0x6a clock.o
                0x00000812                FourthDigit
 .text.display_clock
                0x0000087c       0xe0 clock.o
                0x0000087c                display_clock
 .text.display_clocktemp
                0x0000095c       0xf8 clock.o
                0x0000095c                display_clocktemp
 .text.lcd_Enable
                0x00000a54        0xe lcd.o
                0x00000a54                lcd_Enable
 .text.lcd_Out  0x00000a62       0x14 lcd.o
                0x00000a62                lcd_Out
 .text.lcd_Cmd  0x00000a76       0x1e lcd.o
                0x00000a76                lcd_Cmd
 .text.lcd_Data
                0x00000a94       0x20 lcd.o
                0x00000a94                lcd_Data
 .text.lcd_clear
                0x00000ab4       0x14 lcd.o
                0x00000ab4                lcd_clear
 .text.lcd_string
                0x00000ac8       0x1e lcd.o
                0x00000ac8                lcd_string
 .text.lcd_home
                0x00000ae6       0x14 lcd.o
                0x00000ae6                lcd_home
 .text.lcd_setcursor
                0x00000afa       0x16 lcd.o
                0x00000afa                lcd_setcursor
 .text.lcd_string_clear
                0x00000b10       0x22 lcd.o
                0x00000b10                lcd_string_clear
 .text.lcd_generatechar
                0x00000b32       0x52 lcd.o
                0x00000b32                lcd_generatechar
 .text.lcd_setcurstring
                0x00000b84       0x16 lcd.o
                0x00000b84                lcd_setcurstring
 .text.lcd_Init
                0x00000b9a       0x7e lcd.o
                0x00000b9a                lcd_Init
 .text.display_one
                0x00000c18       0x58 lcdchars.o
                0x00000c18                display_one
 .text.display_two
                0x00000c70       0x6c lcdchars.o
                0x00000c70                display_two
 .text.display_three
                0x00000cdc       0x6c lcdchars.o
                0x00000cdc                display_three
 .text.display_four
                0x00000d48       0x44 lcdchars.o
                0x00000d48                display_four
 .text.display_five
                0x00000d8c       0x6c lcdchars.o
                0x00000d8c                display_five
 .text.display_six
                0x00000df8       0x66 lcdchars.o
                0x00000df8                display_six
 .text.display_seven
                0x00000e5e       0x44 lcdchars.o
                0x00000e5e                display_seven
 .text.display_eight
                0x00000ea2       0x66 lcdchars.o
                0x00000ea2                display_eight
 .text.display_nine
                0x00000f08       0x44 lcdchars.o
                0x00000f08                display_nine
 .text.display_zero
                0x00000f4c       0x66 lcdchars.o
                0x00000f4c                display_zero
 .text.display_dots
                0x00000fb2       0x62 lcdchars.o
                0x00000fb2                display_dots
 .text.display_smalldots
                0x00001014       0x44 lcdchars.o
                0x00001014                display_smalldots
 .text.display_menu_bar
                0x00001058       0xfc lcdchars.o
                0x00001058                display_menu_bar
 .text.init     0x00001154       0x16 main.o
                0x00001154                init
 .text.main     0x0000116a       0x90 main.o
                0x0000116a                main
 .text.dec2bcd  0x000011fa       0x26 rtc.o
                0x000011fa                dec2bcd
 .text.bcd2dec  0x00001220       0x16 rtc.o
                0x00001220                bcd2dec
 .text.rtc_set_time
                0x00001236       0x50 rtc.o
                0x00001236                rtc_set_time
 .text.rtc_set_regpoint
                0x00001286       0x24 rtc.o
                0x00001286                rtc_set_regpoint
 .text.rtc_read_time
                0x000012aa       0x62 rtc.o
                0x000012aa                rtc_read_time
 .text.rtc_read_temp
                0x0000130c       0x44 rtc.o
                0x0000130c                rtc_read_temp
 .text.TWI_Master_Init
                0x00001350       0x16 twi_master.o
                0x00001350                TWI_Master_Init
 .text.TWI_Transmit_Data
                0x00001366       0x6c twi_master.o
                0x00001366                TWI_Transmit_Data
 .text.TWI_Get_Data
                0x000013d2       0x3c twi_master.o
                0x000013d2                TWI_Get_Data
 .text.__vector_24
                0x0000140e       0xf6 twi_master.o
                0x0000140e                __vector_24
 .text.libgcc   0x00001504        0xc c:/program files (x86)/atmel/studio/7.0/toolchain/avr8/avr8-gnu-toolchain/bin/../lib/gcc/avr/5.4.0/avr5\libgcc.a(_tablejump2.o)
                0x00001504                __tablejump2__
                0x00001510                . = ALIGN (0x2)
 *(.fini9)
 .fini9         0x00001510        0x0 c:/program files (x86)/atmel/studio/7.0/toolchain/avr8/avr8-gnu-toolchain/bin/../lib/gcc/avr/5.4.0/avr5\libgcc.a(_exit.o)
                0x00001510                _exit
                0x00001510                exit
 *(.fini9)
 *(.fini8)
 *(.fini8)
 *(.fini7)
 *(.fini7)
 *(.fini6)
 *(.fini6)
 *(.fini5)
 *(.fini5)
 *(.fini4)
 *(.fini4)
 *(.fini3)
 *(.fini3)
 *(.fini2)
 *(.fini2)
 *(.fini1)
 *(.fini1)
 *(.fini0)
 .fini0         0x00001510        0x4 c:/program files (x86)/atmel/studio/7.0/toolchain/avr8/avr8-gnu-toolchain/bin/../lib/gcc/avr/5.4.0/avr5\libgcc.a(_exit.o)
 *(.fini0)
                0x00001514                _etext = .

.data           0x00800100      0x102 load address 0x00001514
                0x00800100                PROVIDE (__data_start, .)
 *(.data)
 *(.data*)
 *(.rodata)
 *(.rodata*)
 .rodata.str1.1
                0x00800100       0x77 bluetooth.o
                                 0x7f (size before relaxing)
 .rodata.str1.1
                0x00800177        0x2 clock.o
                                 0x1b (size before relaxing)
 .rodata.str1.1
                0x00800179       0x12 lcd.o
 .rodata.str1.1
                0x0080018b       0x1f lcdchars.o
                                 0x29 (size before relaxing)
 .rodata.btchar
                0x008001aa        0x8 lcdchars.o
                0x008001aa                btchar
 .rodata.smalldots
                0x008001b2        0x8 lcdchars.o
                0x008001b2                smalldots
 .rodata.celsiuschar
                0x008001ba        0x8 lcdchars.o
                0x008001ba                celsiuschar
 .rodata.tempchar
                0x008001c2        0x8 lcdchars.o
                0x008001c2                tempchar
 .rodata.clockchar
                0x008001ca        0x8 lcdchars.o
                0x008001ca                clockchar
 .rodata.customChar5
                0x008001d2        0x8 lcdchars.o
                0x008001d2                customChar5
 .rodata.customChar4
                0x008001da        0x8 lcdchars.o
                0x008001da                customChar4
 .rodata.customChar3
                0x008001e2        0x8 lcdchars.o
                0x008001e2                customChar3
 .rodata.customChar2
                0x008001ea        0x8 lcdchars.o
                0x008001ea                customChar2
 .rodata.customChar1
                0x008001f2        0x8 lcdchars.o
                0x008001f2                customChar1
 .rodata.customChar0
                0x008001fa        0x8 lcdchars.o
                0x008001fa                customChar0
 *(.gnu.linkonce.d*)
                0x00800202                . = ALIGN (0x2)
                0x00800202                _edata = .
                0x00800202                PROVIDE (__data_end, .)

.bss            0x00800202       0x51
                0x00800202                PROVIDE (__bss_start, .)
 *(.bss)
 *(.bss*)
 .bss.connectedflag
                0x00800202        0x1 bluetooth.o
                0x00800202                connectedflag
 .bss.usartindexpnt
                0x00800203        0x1 usart.o
                0x00800203                usartindexpnt
 *(COMMON)
 COMMON         0x00800204       0x4f bluetooth.o
                0x00800204                TWI_Buff_Pt
                0x00800205                TWI_State
                0x00800206                dispclock
                0x00800207                usartdata
                0x00800208                debounce
                0x00800209                temperature
                0x0080020a                TWI_Tx_Buff
                0x0080021e                hour
                0x0080021f                usart_Rxbuf
                0x0080022b                dispbluetooth
                0x0080022c                Rx_Buff_Len
                0x0080022d                dispclocktemp
                0x0080022e                min
                0x0080022f                sec
                0x00800230                TWI_Rx_Buff
                0x00800244                TWIOpInfo
                0x00800245                usart_Txbuf
                0x00800251                showclockonetime
                0x00800252                Tx_Buff_len
                0x00800253                PROVIDE (__bss_end, .)
                0x00001514                __data_load_start = LOADADDR (.data)
                0x00001616                __data_load_end = (__data_load_start + SIZEOF (.data))

.noinit         0x00800253        0x0
                [!provide]                PROVIDE (__noinit_start, .)
 *(.noinit*)
                [!provide]                PROVIDE (__noinit_end, .)
                0x00800253                _end = .
                [!provide]                PROVIDE (__heap_start, .)

.eeprom         0x00810000        0x0
 *(.eeprom*)
                0x00810000                __eeprom_end = .

.fuse
 *(.fuse)
 *(.lfuse)
 *(.hfuse)
 *(.efuse)

.lock
 *(.lock*)

.signature
 *(.signature*)

.user_signatures
 *(.user_signatures*)

.stab
 *(.stab)

.stabstr
 *(.stabstr)

.stab.excl
 *(.stab.excl)

.stab.exclstr
 *(.stab.exclstr)

.stab.index
 *(.stab.index)

.stab.indexstr
 *(.stab.indexstr)

.comment        0x00000000       0x30
 *(.comment)
 .comment       0x00000000       0x30 bluetooth.o
                                 0x31 (size before relaxing)
 .comment       0x00000030       0x31 usart.o
 .comment       0x00000030       0x31 buttons.o
 .comment       0x00000030       0x31 clock.o
 .comment       0x00000030       0x31 lcd.o
 .comment       0x00000030       0x31 lcdchars.o
 .comment       0x00000030       0x31 main.o
 .comment       0x00000030       0x31 rtc.o
 .comment       0x00000030       0x31 twi_master.o

.note.gnu.avr.deviceinfo
                0x00000000       0x40
 .note.gnu.avr.deviceinfo
                0x00000000       0x40 C:/Program Files (x86)/Atmel/Studio/7.0/Packs/atmel/ATmega_DFP/1.2.132/gcc/dev/atmega328p/avr5/crtatmega328p.o

.note.gnu.build-id
 *(.note.gnu.build-id)

.debug
 *(.debug)

.line
 *(.line)

.debug_srcinfo
 *(.debug_srcinfo)

.debug_sfnames
 *(.debug_sfnames)

.debug_aranges  0x00000000      0x2a0
 *(.debug_aranges)
 .debug_aranges
                0x00000000       0x40 bluetooth.o
 .debug_aranges
                0x00000040       0x38 usart.o
 .debug_aranges
                0x00000078       0x28 buttons.o
 .debug_aranges
                0x000000a0       0x48 clock.o
 .debug_aranges
                0x000000e8       0x78 lcd.o
 .debug_aranges
                0x00000160       0x88 lcdchars.o
 .debug_aranges
                0x000001e8       0x28 main.o
 .debug_aranges
                0x00000210       0x48 rtc.o
 .debug_aranges
                0x00000258       0x48 twi_master.o

.debug_pubnames
 *(.debug_pubnames)

.debug_info     0x00000000     0x4b68
 *(.debug_info .gnu.linkonce.wi.*)
 .debug_info    0x00000000      0x5f4 C:/Program Files (x86)/Atmel/Studio/7.0/Packs/atmel/ATmega_DFP/1.2.132/gcc/dev/atmega328p/avr5/crtatmega328p.o
 .debug_info    0x000005f4      0xd67 bluetooth.o
 .debug_info    0x0000135b      0x253 usart.o
 .debug_info    0x000015ae      0x1ed buttons.o
 .debug_info    0x0000179b      0xaad clock.o
 .debug_info    0x00002248      0x8b8 lcd.o
 .debug_info    0x00002b00     0x1479 lcdchars.o
 .debug_info    0x00003f79      0x533 main.o
 .debug_info    0x000044ac      0x462 rtc.o
 .debug_info    0x0000490e      0x25a twi_master.o

.debug_abbrev   0x00000000     0x1159
 *(.debug_abbrev)
 .debug_abbrev  0x00000000      0x5a2 C:/Program Files (x86)/Atmel/Studio/7.0/Packs/atmel/ATmega_DFP/1.2.132/gcc/dev/atmega328p/avr5/crtatmega328p.o
 .debug_abbrev  0x000005a2      0x1f3 bluetooth.o
 .debug_abbrev  0x00000795      0x12d usart.o
 .debug_abbrev  0x000008c2       0xc9 buttons.o
 .debug_abbrev  0x0000098b      0x11a clock.o
 .debug_abbrev  0x00000aa5      0x1ab lcd.o
 .debug_abbrev  0x00000c50      0x1a3 lcdchars.o
 .debug_abbrev  0x00000df3       0xef main.o
 .debug_abbrev  0x00000ee2      0x13e rtc.o
 .debug_abbrev  0x00001020      0x139 twi_master.o

.debug_line     0x00000000     0x1baf
 *(.debug_line .debug_line.* .debug_line_end)
 .debug_line    0x00000000      0x133 C:/Program Files (x86)/Atmel/Studio/7.0/Packs/atmel/ATmega_DFP/1.2.132/gcc/dev/atmega328p/avr5/crtatmega328p.o
 .debug_line    0x00000133      0x500 bluetooth.o
 .debug_line    0x00000633      0x18b usart.o
 .debug_line    0x000007be      0x1e0 buttons.o
 .debug_line    0x0000099e      0x39b clock.o
 .debug_line    0x00000d39      0x362 lcd.o
 .debug_line    0x0000109b      0x529 lcdchars.o
 .debug_line    0x000015c4      0x1bb main.o
 .debug_line    0x0000177f      0x1bf rtc.o
 .debug_line    0x0000193e      0x271 twi_master.o

.debug_frame    0x00000000      0x694
 *(.debug_frame)
 .debug_frame   0x00000000       0xa4 bluetooth.o
 .debug_frame   0x000000a4       0x7c usart.o
 .debug_frame   0x00000120       0x7c buttons.o
 .debug_frame   0x0000019c       0xa4 clock.o
 .debug_frame   0x00000240      0x120 lcd.o
 .debug_frame   0x00000360      0x18c lcdchars.o
 .debug_frame   0x000004ec       0x34 main.o
 .debug_frame   0x00000520       0xc0 rtc.o
 .debug_frame   0x000005e0       0xb4 twi_master.o

.debug_str      0x00000000      0x904
 *(.debug_str)
 .debug_str     0x00000000      0x208 C:/Program Files (x86)/Atmel/Studio/7.0/Packs/atmel/ATmega_DFP/1.2.132/gcc/dev/atmega328p/avr5/crtatmega328p.o
 .debug_str     0x00000208      0x3fd bluetooth.o
                                0x445 (size before relaxing)
 .debug_str     0x00000605       0x3c usart.o
                                0x273 (size before relaxing)
 .debug_str     0x00000641       0x27 buttons.o
                                0x264 (size before relaxing)
 .debug_str     0x00000668       0xdd clock.o
                                0x3b9 (size before relaxing)
 .debug_str     0x00000745       0x6a lcd.o
                                0x314 (size before relaxing)
 .debug_str     0x000007af       0x50 lcdchars.o
                                0x3ab (size before relaxing)
 .debug_str     0x000007ff       0x42 main.o
                                0x3fb (size before relaxing)
 .debug_str     0x00000841       0x82 rtc.o
                                0x2b4 (size before relaxing)
 .debug_str     0x000008c3       0x41 twi_master.o
                                0x258 (size before relaxing)

.debug_loc      0x00000000     0x1ed4
 *(.debug_loc)
 .debug_loc     0x00000000      0x6a2 bluetooth.o
 .debug_loc     0x000006a2      0x12c usart.o
 .debug_loc     0x000007ce       0xcb buttons.o
 .debug_loc     0x00000899      0x4d4 clock.o
 .debug_loc     0x00000d6d      0x6a2 lcd.o
 .debug_loc     0x0000140f      0x676 lcdchars.o
 .debug_loc     0x00001a85      0x221 rtc.o
 .debug_loc     0x00001ca6      0x22e twi_master.o

.debug_macinfo
 *(.debug_macinfo)

.debug_weaknames
 *(.debug_weaknames)

.debug_funcnames
 *(.debug_funcnames)

.debug_typenames
 *(.debug_typenames)

.debug_varnames
 *(.debug_varnames)

.debug_pubtypes
 *(.debug_pubtypes)

.debug_ranges   0x00000000      0x250
 *(.debug_ranges)
 .debug_ranges  0x00000000       0x70 bluetooth.o
 .debug_ranges  0x00000070       0x28 usart.o
 .debug_ranges  0x00000098       0x18 buttons.o
 .debug_ranges  0x000000b0       0x38 clock.o
 .debug_ranges  0x000000e8       0x68 lcd.o
 .debug_ranges  0x00000150       0x78 lcdchars.o
 .debug_ranges  0x000001c8       0x18 main.o
 .debug_ranges  0x000001e0       0x38 rtc.o
 .debug_ranges  0x00000218       0x38 twi_master.o

.debug_macro
 *(.debug_macro)
OUTPUT(DigitalClock.elf elf32-avr)
LOAD linker stubs
